exports[`test renders correctly disabled 1`] = `
<View>
  <View
    accessibilityComponentType={undefined}
    accessibilityLabel={undefined}
    accessibilityTraits={undefined}
    accessible={true}
    hitSlop={undefined}
    onLayout={undefined}
    onResponderGrant={[Function]}
    onResponderMove={[Function]}
    onResponderRelease={[Function]}
    onResponderTerminate={[Function]}
    onResponderTerminationRequest={[Function]}
    onStartShouldSetResponder={[Function]}
    style={
      Array [
        Object {
          "backgroundColor": "transparent",
        },
        Array [
          Object {
            "borderRadius": 4,
            "marginBottom": 4,
            "marginTop": 4,
          },
          Object {
            "height": 50,
            "width": 140,
          },
        ],
      ]
    }
    testID={undefined}>
    <View
      style={
        Object {
          "borderColor": "#a9a9a9",
          "borderRadius": 4,
          "borderStyle": "solid",
          "borderWidth": 1.5,
          "flex": 1,
        }
      }>
      <BVLinearGradient
        colors={
          Array [
            4294506744,
            4293651435,
          ]
        }
        end={undefined}
        locations={null}
        start={undefined}
        style={
          Object {
            "alignItems": "center",
            "borderRadius": 4,
            "flex": 1,
            "justifyContent": "center",
            "marginBottom": -0.5,
          }
        }>
        <Text
          accessible={true}
          allowFontScaling={true}
          ellipsizeMode="tail"
          style={
            Array [
              Object {
                "color": "#666666",
                "fontSize": 22,
                "textAlign": "center",
              },
              undefined,
            ]
          }>
          Test
        </Text>
      </BVLinearGradient>
    </View>
  </View>
</View>
`;

exports[`test renders correctly minimal 1`] = `
<View>
  <View
    accessibilityComponentType={undefined}
    accessibilityLabel={undefined}
    accessibilityTraits={undefined}
    accessible={true}
    hitSlop={undefined}
    onLayout={undefined}
    onResponderGrant={[Function]}
    onResponderMove={[Function]}
    onResponderRelease={[Function]}
    onResponderTerminate={[Function]}
    onResponderTerminationRequest={[Function]}
    onStartShouldSetResponder={[Function]}
    style={
      Array [
        Object {
          "backgroundColor": "transparent",
        },
        Array [
          Object {
            "borderRadius": 4,
            "marginBottom": 4,
            "marginTop": 4,
          },
          Object {
            "height": 50,
            "width": 140,
          },
        ],
      ]
    }
    testID={undefined}>
    <View
      style={
        Object {
          "borderColor": "#a9a9a9",
          "borderRadius": 4,
          "borderStyle": "solid",
          "borderWidth": 1.5,
          "flex": 1,
        }
      }>
      <BVLinearGradient
        colors={
          Array [
            4294506744,
            4293651435,
          ]
        }
        end={undefined}
        locations={null}
        start={undefined}
        style={
          Object {
            "alignItems": "center",
            "borderRadius": 4,
            "flex": 1,
            "justifyContent": "center",
            "marginBottom": -0.5,
          }
        }>
        <Text
          accessible={true}
          allowFontScaling={true}
          ellipsizeMode="tail"
          style={
            Array [
              Object {
                "color": "#666666",
                "fontSize": 22,
                "textAlign": "center",
              },
              undefined,
            ]
          }>
          Test
        </Text>
      </BVLinearGradient>
    </View>
  </View>
</View>
`;
