exports[`test renders correctly 1`] = `
<View>
  <View
    style={
      Object {
        "height": 20,
      }
    } />
  <View
    style={
      Object {
        "backgroundColor": "#393939",
        "flex": 1,
        "flexDirection": "row",
        "height": 60,
        "justifyContent": "space-between",
      }
    }>
    <TouchableHighlight
      activeOpacity={0.9}
      onPress={[Function]}
      underlayColor="#dfdfdf">
      <View
        style={
          Object {
            "alignItems": "center",
            "backgroundColor": "#393939",
            "flex": 1,
            "flexDirection": "column",
            "justifyContent": "center",
            "width": 60,
          }
        }>
        <Text
          accessible={true}
          allowFontScaling={true}
          ellipsizeMode="tail"
          style={
            Object {
              "color": "#fefefe",
              "fontSize": 16,
            }
          }>
          Back
        </Text>
      </View>
    </TouchableHighlight>
    <View
      style={
        Object {
          "alignItems": "center",
          "flex": 1,
          "flexDirection": "column",
          "justifyContent": "center",
          "margin": 10,
        }
      }>
      <Text
        accessible={true}
        allowFontScaling={true}
        ellipsizeMode="tail"
        style={
          Array [
            Object {
              "color": "#fefefe",
              "fontSize": 16,
            },
            Object {
              "fontSize": 22,
            },
          ]
        } />
    </View>
    <TouchableHighlight
      activeOpacity={0.85}
      underlayColor="black">
      <View
        style={
          Object {
            "alignItems": "center",
            "backgroundColor": "#393939",
            "flex": 1,
            "flexDirection": "column",
            "justifyContent": "center",
            "width": 60,
          }
        } />
    </TouchableHighlight>
  </View>
</View>
`;
