exports[`test renders correctly loaded 1`] = `
<View
  style={
    Object {
      "backgroundColor": "#fefefe",
      "flex": 1,
    }
  } />
`;

exports[`test renders correctly not loaded 1`] = `
<Text
  accessible={true}
  allowFontScaling={true}
  ellipsizeMode="tail">
  Page is loading
</Text>
`;
