exports[`test renders correctly 1`] = `
<View
  style={
    Object {
      "justifyContent": "center",
      "marginBottom": 8,
      "marginTop": 8,
      "paddingLeft": 5,
      "paddingRight": 5,
    }
  }>
  <View
    style={
      Object {
        "backgroundColor": "white",
        "borderColor": "#666666",
        "borderRadius": 5,
        "borderStyle": "solid",
        "borderWidth": 1,
        "height": 50,
        "width": null,
      }
    }>
    <TextInput
      autoCapitalize="none"
      autoFocus={false}
      blurOnSubmit={false}
      keyboardType="phone-pad"
      maxLength={10}
      onChangeText={[Function]}
      onSubmitEditing={[Function]}
      placeholder="Phone Number"
      returnKeyType="next"
      secureTextEntry={false}
      selectTextOnFocus={true}
      style={
        Object {
          "fontSize": 22,
          "marginLeft": 5,
          "marginRight": 5,
        }
      }
      value="Test Value" />
  </View>
</View>
`;
